2026-05-21 15:27:20,844  解析 Excel 文件: TC_LDCU_车辆电源模式管理_MQB_AGT_V1.0.xlsx
2026-05-21 15:27:20,847 INFO   处理表=TC
2026-05-21 15:27:20,877 INFO [跳过] 用例ID=SYS-LDCU-Powermode-0001, 功能模块=电源模式状态机定义（非自动测试/空）
2026-05-21 15:27:20,891 INFO [跳过] 用例ID=SYS-LDCU-Powermode-0015, 功能模块=LocalON跳转至Off（非自动测试/空）
2026-05-21 15:27:20,925 INFO [跳过] 用例ID=SYS-LDCU-Powermode-0052, 功能模块=RemoteOn跳转至Off（非自动测试/空）
2026-05-21 15:27:21,105 INFO [跳过] 用例ID=SYS-LDCU-Powermode-0195, 功能模块=钥匙搜索状态跳转逻辑（非自动测试/空）
2026-05-21 15:27:21,109 INFO [跳过] 用例ID=SYS-LDCU-Powermode-0196, 功能模块=钥匙搜索状态跳转逻辑（非自动测试/空）
2026-05-21 15:27:21,112 INFO [跳过] 用例ID=SYS-LDCU-Powermode-0197, 功能模块=钥匙搜索状态跳转逻辑（非自动测试/空）
2026-05-21 15:27:21,115 INFO [跳过] 用例ID=SYS-LDCU-Powermode-0198, 功能模块=钥匙搜索状态跳转逻辑（非自动测试/空）
2026-05-21 15:27:21,118 INFO [跳过] 用例ID=SYS-LDCU-Powermode-0199, 功能模块=钥匙搜索状态跳转逻辑（非自动测试/空）
2026-05-21 15:27:21,122 INFO [跳过] 用例ID=SYS-LDCU-Powermode-0200, 功能模块=钥匙搜索状态跳转逻辑（非自动测试/空）
2026-05-21 15:27:21,125 INFO [跳过] 用例ID=SYS-LDCU-Powermode-0201, 功能模块=钥匙搜索状态跳转逻辑（非自动测试/空）
2026-05-21 15:27:21,127 INFO [跳过] 用例ID=SYS-LDCU-Powermode-0202, 功能模块=钥匙搜索状态跳转逻辑（非自动测试/空）
2026-05-21 15:27:21,130 INFO [跳过] 用例ID=SYS-LDCU-Powermode-0203, 功能模块=钥匙有效性判断KeyValidSt（非自动测试/空）
2026-05-21 15:27:21,132 INFO [跳过] 用例ID=SYS-LDCU-Powermode-0204, 功能模块=钥匙有效性判断KeyValidSt（非自动测试/空）
2026-05-21 15:27:21,135 INFO [跳过] 用例ID=SYS-LDCU-Powermode-0205, 功能模块=钥匙有效性判断KeyValidSt（非自动测试/空）
2026-05-21 15:27:21,139 INFO [跳过] 用例ID=SYS-LDCU-Powermode-0206, 功能模块=射频钥匙位置RKEKeypositionSt（非自动测试/空）
2026-05-21 15:27:21,143 INFO   [本表 'TC'] 跳过 15 个用例（等级=0 平台=0 车型=0 Target Version=0 类型=15），通过 194 个
2026-05-21 15:27:21,145 INFO 生成 XML 文件...
2026-05-21 15:27:21,146 INFO 开始生成 XML 文件: C:\Users\高登兰\Desktop\所有完整代码2026_3_10_重构版\python\release_02_1\out\TESTmode\Generated_Testcase.xml
2026-05-21 15:27:21,150 INFO 文件已使用 UTF-8 编码保存
2026-05-21 15:27:21,153 INFO XML 文件已生成: C:\Users\高登兰\Desktop\所有完整代码2026_3_10_重构版\python\release_02_1\out\TESTmode\Generated_Testcase.xml
2026-05-21 15:27:21,154 INFO ============================================================
2026-05-21 15:27:21,156  所有文件生成完成！XML 文件已生成: C:\Users\高登兰\Desktop\所有完整代码2026_3_10_重构版\python\release_02_1\out\TESTmode\Generated_Testcase.xml
